INFO:     Started server process [2632]
INFO:     Waiting for application startup.
INFO:     Application startup complete.
INFO:     Uvicorn running on http://127.0.0.1:8000 (Press CTRL+C to quit)
2026-07-22 07:49:34,015 | INFO | httpx | HTTP Request: GET https://air-quality-api.open-meteo.com/v1/air-quality?latitude=26.83399722&longitude=80.8917361&current=pm2_5%2Cpm10%2Cnitrogen_dioxide%2Ccarbon_monoxide%2Cozone%2Cdust&hourly=pm2_5%2Cpm10%2Cnitrogen_dioxide%2Ccarbon_monoxide%2Cozone%2Cdust&forecast_hours=72&past_days=7&timezone=UTC "HTTP/1.1 200 OK"
2026-07-22 07:49:34,028 | INFO | httpx | HTTP Request: GET https://air-quality-api.open-meteo.com/v1/air-quality?latitude=30.9028&longitude=75.8086&current=pm2_5%2Cpm10%2Cnitrogen_dioxide%2Ccarbon_monoxide%2Cozone%2Cdust&hourly=pm2_5%2Cpm10%2Cnitrogen_dioxide%2Ccarbon_monoxide%2Cozone%2Cdust&forecast_hours=72&past_days=7&timezone=UTC "HTTP/1.1 200 OK"
2026-07-22 07:49:34,039 | INFO | httpx | HTTP Request: GET https://air-quality-api.open-meteo.com/v1/air-quality?latitude=27.19865833&longitude=78.00598056&current=pm2_5%2Cpm10%2Cnitrogen_dioxide%2Ccarbon_monoxide%2Cozone%2Cdust&hourly=pm2_5%2Cpm10%2Cnitrogen_dioxide%2Ccarbon_monoxide%2Cozone%2Cdust&forecast_hours=72&past_days=7&timezone=UTC "HTTP/1.1 200 OK"
2026-07-22 07:49:34,047 | INFO | httpx | HTTP Request: GET https://air-quality-api.open-meteo.com/v1/air-quality?latitude=31.62&longitude=74.876512&current=pm2_5%2Cpm10%2Cnitrogen_dioxide%2Ccarbon_monoxide%2Cozone%2Cdust&hourly=pm2_5%2Cpm10%2Cnitrogen_dioxide%2Ccarbon_monoxide%2Cozone%2Cdust&forecast_hours=72&past_days=7&timezone=UTC "HTTP/1.1 200 OK"
2026-07-22 07:49:34,059 | INFO | httpx | HTTP Request: GET https://air-quality-api.open-meteo.com/v1/air-quality?latitude=28.646835&longitude=77.316032&current=pm2_5%2Cpm10%2Cnitrogen_dioxide%2Ccarbon_monoxide%2Cozone%2Cdust&hourly=pm2_5%2Cpm10%2Cnitrogen_dioxide%2Ccarbon_monoxide%2Cozone%2Cdust&forecast_hours=120&past_days=7&timezone=UTC "HTTP/1.1 200 OK"
2026-07-22 07:49:34,063 | INFO | httpx | HTTP Request: GET https://air-quality-api.open-meteo.com/v1/air-quality?latitude=28.646835&longitude=77.316032&current=pm2_5%2Cpm10%2Cnitrogen_dioxide%2Ccarbon_monoxide%2Cozone%2Cdust&hourly=pm2_5%2Cpm10%2Cnitrogen_dioxide%2Ccarbon_monoxide%2Cozone%2Cdust&forecast_hours=72&past_days=7&timezone=UTC "HTTP/1.1 200 OK"
2026-07-22 07:49:34,154 | INFO | httpx | HTTP Request: GET https://api.openaq.org/v3/locations/235/sensors "HTTP/1.1 200 OK"
2026-07-22 07:49:34,167 | INFO | httpx | HTTP Request: GET https://api.openaq.org/v3/locations/235/latest "HTTP/1.1 200 OK"
2026-07-22 07:49:34,171 | INFO | httpx | HTTP Request: GET https://api.open-meteo.com/v1/forecast?latitude=28.646835&longitude=77.316032&current=temperature_2m%2Crelative_humidity_2m%2Csurface_pressure%2Cwind_speed_10m%2Cwind_direction_10m%2Cweather_code&hourly=temperature_2m%2Crelative_humidity_2m%2Csurface_pressure%2Cprecipitation%2Ccloud_cover%2Cvisibility%2Cwind_speed_10m%2Cwind_direction_10m%2Cwind_gusts_10m%2Cboundary_layer_height%2Cweather_code&forecast_hours=120&past_days=7&timezone=UTC&wind_speed_unit=ms "HTTP/1.1 200 OK"
2026-07-22 07:49:44,917 | INFO | httpx | HTTP Request: GET https://firms.modaps.eosdis.nasa.gov/api/area/csv/50c9af0a60ed36988747b7181c16018e/VIIRS_SNPP_NRT/74.316032,25.646835,80.316032,31.646835/1 "HTTP/1.1 200 OK"
2026-07-22 07:49:44,931 | INFO | httpx | HTTP Request: GET https://air-quality-api.open-meteo.com/v1/air-quality?latitude=30.9028&longitude=75.8086&current=pm2_5%2Cpm10%2Cnitrogen_dioxide%2Ccarbon_monoxide%2Cozone%2Cdust&hourly=pm2_5%2Cpm10%2Cnitrogen_dioxide%2Ccarbon_monoxide%2Cozone%2Cdust&forecast_hours=72&past_days=7&timezone=UTC "HTTP/1.1 200 OK"
2026-07-22 07:49:44,933 | INFO | httpx | HTTP Request: GET https://air-quality-api.open-meteo.com/v1/air-quality?latitude=27.19865833&longitude=78.00598056&current=pm2_5%2Cpm10%2Cnitrogen_dioxide%2Ccarbon_monoxide%2Cozone%2Cdust&hourly=pm2_5%2Cpm10%2Cnitrogen_dioxide%2Ccarbon_monoxide%2Cozone%2Cdust&forecast_hours=72&past_days=7&timezone=UTC "HTTP/1.1 200 OK"
2026-07-22 07:49:44,935 | INFO | httpx | HTTP Request: GET https://air-quality-api.open-meteo.com/v1/air-quality?latitude=28.646835&longitude=77.316032&current=pm2_5%2Cpm10%2Cnitrogen_dioxide%2Ccarbon_monoxide%2Cozone%2Cdust&hourly=pm2_5%2Cpm10%2Cnitrogen_dioxide%2Ccarbon_monoxide%2Cozone%2Cdust&forecast_hours=72&past_days=7&timezone=UTC "HTTP/1.1 200 OK"
2026-07-22 07:49:44,938 | INFO | httpx | HTTP Request: GET https://air-quality-api.open-meteo.com/v1/air-quality?latitude=31.62&longitude=74.876512&current=pm2_5%2Cpm10%2Cnitrogen_dioxide%2Ccarbon_monoxide%2Cozone%2Cdust&hourly=pm2_5%2Cpm10%2Cnitrogen_dioxide%2Ccarbon_monoxide%2Cozone%2Cdust&forecast_hours=72&past_days=7&timezone=UTC "HTTP/1.1 200 OK"
2026-07-22 07:49:44,940 | INFO | httpx | HTTP Request: GET https://air-quality-api.open-meteo.com/v1/air-quality?latitude=28.646835&longitude=77.316032&current=pm2_5%2Cpm10%2Cnitrogen_dioxide%2Ccarbon_monoxide%2Cozone%2Cdust&hourly=pm2_5%2Cpm10%2Cnitrogen_dioxide%2Ccarbon_monoxide%2Cozone%2Cdust&forecast_hours=120&past_days=7&timezone=UTC "HTTP/1.1 200 OK"
2026-07-22 07:49:44,942 | INFO | httpx | HTTP Request: GET https://air-quality-api.open-meteo.com/v1/air-quality?latitude=26.83399722&longitude=80.8917361&current=pm2_5%2Cpm10%2Cnitrogen_dioxide%2Ccarbon_monoxide%2Cozone%2Cdust&hourly=pm2_5%2Cpm10%2Cnitrogen_dioxide%2Ccarbon_monoxide%2Cozone%2Cdust&forecast_hours=72&past_days=7&timezone=UTC "HTTP/1.1 200 OK"
2026-07-22 07:49:44,944 | INFO | httpx | HTTP Request: GET https://api.openaq.org/v3/locations/235/latest "HTTP/1.1 200 OK"
2026-07-22 07:49:44,946 | INFO | httpx | HTTP Request: GET https://api.openaq.org/v3/locations/235/sensors "HTTP/1.1 200 OK"
2026-07-22 07:49:56,114 | INFO | httpx | HTTP Request: GET https://api.openaq.org/v3/sensors/381/measurements/hourly?datetime_from=2026-07-15T02%3A19%3A44.976011%2B00%3A00&datetime_to=2026-07-22T02%3A19%3A44.976011%2B00%3A00&limit=1000 "HTTP/1.1 200 OK"
2026-07-22 07:49:56,117 | INFO | httpx | HTTP Request: GET https://api.openaq.org/v3/sensors/12235605/measurements/hourly?datetime_from=2026-07-15T02%3A19%3A44.976011%2B00%3A00&datetime_to=2026-07-22T02%3A19%3A44.976011%2B00%3A00&limit=1000 "HTTP/1.1 200 OK"
2026-07-22 07:49:56,119 | INFO | httpx | HTTP Request: GET https://api.openaq.org/v3/sensors/12235612/measurements/hourly?datetime_from=2026-07-15T02%3A19%3A44.976011%2B00%3A00&datetime_to=2026-07-22T02%3A19%3A44.976011%2B00%3A00&limit=1000 "HTTP/1.1 200 OK"
2026-07-22 07:49:56,120 | INFO | httpx | HTTP Request: GET https://api.openaq.org/v3/sensors/12235610/measurements/hourly?datetime_from=2026-07-15T02%3A19%3A44.976011%2B00%3A00&datetime_to=2026-07-22T02%3A19%3A44.976011%2B00%3A00&limit=1000 "HTTP/1.1 200 OK"
2026-07-22 07:49:56,123 | INFO | httpx | HTTP Request: GET https://api.openaq.org/v3/sensors/12235609/measurements/hourly?datetime_from=2026-07-15T02%3A19%3A44.976011%2B00%3A00&datetime_to=2026-07-22T02%3A19%3A44.976011%2B00%3A00&limit=1000 "HTTP/1.1 200 OK"
2026-07-22 07:49:56,126 | INFO | httpx | HTTP Request: GET https://api.openaq.org/v3/sensors/380/measurements/hourly?datetime_from=2026-07-15T02%3A19%3A44.976011%2B00%3A00&datetime_to=2026-07-22T02%3A19%3A44.976011%2B00%3A00&limit=1000 "HTTP/1.1 200 OK"
2026-07-22 07:49:56,129 | INFO | httpx | HTTP Request: GET https://api.openaq.org/v3/sensors/385/measurements/hourly?datetime_from=2026-07-15T02%3A19%3A44.976011%2B00%3A00&datetime_to=2026-07-22T02%3A19%3A44.976011%2B00%3A00&limit=1000 "HTTP/1.1 200 OK"
2026-07-22 07:49:56,132 | INFO | httpx | HTTP Request: GET https://api.openaq.org/v3/sensors/382/measurements/hourly?datetime_from=2026-07-15T02%3A19%3A44.976011%2B00%3A00&datetime_to=2026-07-22T02%3A19%3A44.976011%2B00%3A00&limit=1000 "HTTP/1.1 200 OK"
2026-07-22 07:49:56,138 | INFO | httpx | HTTP Request: GET https://api.openaq.org/v3/sensors/383/measurements/hourly?datetime_from=2026-07-15T02%3A19%3A44.976011%2B00%3A00&datetime_to=2026-07-22T02%3A19%3A44.976011%2B00%3A00&limit=1000 "HTTP/1.1 200 OK"
2026-07-22 07:49:56,142 | INFO | httpx | HTTP Request: GET https://api.openaq.org/v3/sensors/384/measurements/hourly?datetime_from=2026-07-15T02%3A19%3A44.976011%2B00%3A00&datetime_to=2026-07-22T02%3A19%3A44.976011%2B00%3A00&limit=1000 "HTTP/1.1 200 OK"
2026-07-22 07:49:56,157 | INFO | httpx | HTTP Request: GET https://api.openaq.org/v3/sensors/12235608/measurements/hourly?datetime_from=2026-07-15T02%3A19%3A44.976011%2B00%3A00&datetime_to=2026-07-22T02%3A19%3A44.976011%2B00%3A00&limit=1000 "HTTP/1.1 200 OK"
2026-07-22 07:49:56,162 | INFO | httpx | HTTP Request: GET https://api.openaq.org/v3/sensors/12235607/measurements/hourly?datetime_from=2026-07-15T02%3A19%3A44.976011%2B00%3A00&datetime_to=2026-07-22T02%3A19%3A44.976011%2B00%3A00&limit=1000 "HTTP/1.1 200 OK"
2026-07-22 07:49:56,253 | INFO | httpx | HTTP Request: GET https://api.openaq.org/v3/sensors/380/measurements/hourly?datetime_from=2026-07-15T02%3A19%3A34.364780%2B00%3A00&datetime_to=2026-07-22T02%3A19%3A34.364780%2B00%3A00&limit=1000 "HTTP/1.1 200 OK"
2026-07-22 07:49:56,262 | INFO | httpx | HTTP Request: GET https://api.openaq.org/v3/sensors/383/measurements/hourly?datetime_from=2026-07-15T02%3A19%3A34.364780%2B00%3A00&datetime_to=2026-07-22T02%3A19%3A34.364780%2B00%3A00&limit=1000 "HTTP/1.1 200 OK"
2026-07-22 07:49:56,302 | INFO | httpx | HTTP Request: GET https://api.openaq.org/v3/sensors/381/measurements/hourly?datetime_from=2026-07-15T02%3A19%3A34.364780%2B00%3A00&datetime_to=2026-07-22T02%3A19%3A34.364780%2B00%3A00&limit=1000 "HTTP/1.1 200 OK"
2026-07-22 07:49:56,305 | INFO | httpx | HTTP Request: GET https://api.openaq.org/v3/sensors/384/measurements/hourly?datetime_from=2026-07-15T02%3A19%3A34.364780%2B00%3A00&datetime_to=2026-07-22T02%3A19%3A34.364780%2B00%3A00&limit=1000 "HTTP/1.1 200 OK"
2026-07-22 07:49:56,350 | INFO | httpx | HTTP Request: GET https://api.openaq.org/v3/sensors/12235608/measurements/hourly?datetime_from=2026-07-15T02%3A19%3A34.364780%2B00%3A00&datetime_to=2026-07-22T02%3A19%3A34.364780%2B00%3A00&limit=1000 "HTTP/1.1 200 OK"
2026-07-22 07:49:56,352 | INFO | httpx | HTTP Request: GET https://api.openaq.org/v3/sensors/382/measurements/hourly?datetime_from=2026-07-15T02%3A19%3A34.364780%2B00%3A00&datetime_to=2026-07-22T02%3A19%3A34.364780%2B00%3A00&limit=1000 "HTTP/1.1 200 OK"
2026-07-22 07:49:56,357 | INFO | httpx | HTTP Request: GET https://api.openaq.org/v3/sensors/12235612/measurements/hourly?datetime_from=2026-07-15T02%3A19%3A34.364780%2B00%3A00&datetime_to=2026-07-22T02%3A19%3A34.364780%2B00%3A00&limit=1000 "HTTP/1.1 200 OK"
2026-07-22 07:49:56,361 | INFO | httpx | HTTP Request: GET https://api.openaq.org/v3/sensors/12235607/measurements/hourly?datetime_from=2026-07-15T02%3A19%3A34.364780%2B00%3A00&datetime_to=2026-07-22T02%3A19%3A34.364780%2B00%3A00&limit=1000 "HTTP/1.1 200 OK"
2026-07-22 07:49:56,376 | INFO | httpx | HTTP Request: GET https://api.openaq.org/v3/sensors/385/measurements/hourly?datetime_from=2026-07-15T02%3A19%3A34.364780%2B00%3A00&datetime_to=2026-07-22T02%3A19%3A34.364780%2B00%3A00&limit=1000 "HTTP/1.1 200 OK"
2026-07-22 07:49:56,411 | INFO | httpx | HTTP Request: GET https://api.openaq.org/v3/sensors/12235605/measurements/hourly?datetime_from=2026-07-15T02%3A19%3A34.364780%2B00%3A00&datetime_to=2026-07-22T02%3A19%3A34.364780%2B00%3A00&limit=1000 "HTTP/1.1 200 OK"
2026-07-22 07:49:56,435 | INFO | httpx | HTTP Request: GET https://api.openaq.org/v3/sensors/12235610/measurements/hourly?datetime_from=2026-07-15T02%3A19%3A34.364780%2B00%3A00&datetime_to=2026-07-22T02%3A19%3A34.364780%2B00%3A00&limit=1000 "HTTP/1.1 200 OK"
2026-07-22 07:49:56,450 | INFO | httpx | HTTP Request: GET https://api.openaq.org/v3/sensors/12235609/measurements/hourly?datetime_from=2026-07-15T02%3A19%3A34.364780%2B00%3A00&datetime_to=2026-07-22T02%3A19%3A34.364780%2B00%3A00&limit=1000 "HTTP/1.1 200 OK"
2026-07-22 07:50:40,203 | INFO | httpx | HTTP Request: GET https://air-quality-api.open-meteo.com/v1/air-quality?latitude=27.19865833&longitude=78.00598056&current=pm2_5%2Cpm10%2Cnitrogen_dioxide%2Ccarbon_monoxide%2Cozone%2Cdust&hourly=pm2_5%2Cpm10%2Cnitrogen_dioxide%2Ccarbon_monoxide%2Cozone%2Cdust&forecast_hours=120&past_days=7&timezone=UTC "HTTP/1.1 200 OK"
2026-07-22 07:50:40,312 | INFO | httpx | HTTP Request: GET https://api.open-meteo.com/v1/forecast?latitude=27.19865833&longitude=78.00598056&current=temperature_2m%2Crelative_humidity_2m%2Csurface_pressure%2Cwind_speed_10m%2Cwind_direction_10m%2Cweather_code&hourly=temperature_2m%2Crelative_humidity_2m%2Csurface_pressure%2Cprecipitation%2Ccloud_cover%2Cvisibility%2Cwind_speed_10m%2Cwind_direction_10m%2Cwind_gusts_10m%2Cboundary_layer_height%2Cweather_code&forecast_hours=120&past_days=7&timezone=UTC&wind_speed_unit=ms "HTTP/1.1 200 OK"
2026-07-22 07:50:40,472 | INFO | httpx | HTTP Request: GET https://api.openaq.org/v3/locations/860/sensors "HTTP/1.1 200 OK"
2026-07-22 07:50:40,474 | INFO | httpx | HTTP Request: GET https://api.openaq.org/v3/locations/860/latest "HTTP/1.1 200 OK"
2026-07-22 07:50:50,900 | INFO | httpx | HTTP Request: GET https://firms.modaps.eosdis.nasa.gov/api/area/csv/50c9af0a60ed36988747b7181c16018e/VIIRS_SNPP_NRT/75.00598056,24.19865833,81.00598056,30.19865833/1 "HTTP/1.1 200 OK"
2026-07-22 07:50:51,817 | INFO | httpx | HTTP Request: GET https://api.openaq.org/v3/sensors/1546/measurements/hourly?datetime_from=2026-07-15T02%3A20%3A40.668283%2B00%3A00&datetime_to=2026-07-22T02%3A20%3A40.668283%2B00%3A00&limit=1000 "HTTP/1.1 200 OK"
2026-07-22 07:50:51,828 | INFO | httpx | HTTP Request: GET https://api.openaq.org/v3/sensors/14322/measurements/hourly?datetime_from=2026-07-15T02%3A20%3A40.668283%2B00%3A00&datetime_to=2026-07-22T02%3A20%3A40.668283%2B00%3A00&limit=1000 "HTTP/1.1 200 OK"
2026-07-22 07:50:51,830 | INFO | httpx | HTTP Request: GET https://api.openaq.org/v3/sensors/1545/measurements/hourly?datetime_from=2026-07-15T02%3A20%3A40.668283%2B00%3A00&datetime_to=2026-07-22T02%3A20%3A40.668283%2B00%3A00&limit=1000 "HTTP/1.1 200 OK"
2026-07-22 07:50:51,836 | INFO | httpx | HTTP Request: GET https://api.openaq.org/v3/sensors/15024/measurements/hourly?datetime_from=2026-07-15T02%3A20%3A40.668283%2B00%3A00&datetime_to=2026-07-22T02%3A20%3A40.668283%2B00%3A00&limit=1000 "HTTP/1.1 200 OK"
2026-07-22 07:50:51,839 | INFO | httpx | HTTP Request: GET https://api.openaq.org/v3/sensors/1544/measurements/hourly?datetime_from=2026-07-15T02%3A20%3A40.668283%2B00%3A00&datetime_to=2026-07-22T02%3A20%3A40.668283%2B00%3A00&limit=1000 "HTTP/1.1 200 OK"
2026-07-22 07:50:51,849 | INFO | httpx | HTTP Request: GET https://api.openaq.org/v3/sensors/1342956/measurements/hourly?datetime_from=2026-07-15T02%3A20%3A40.668283%2B00%3A00&datetime_to=2026-07-22T02%3A20%3A40.668283%2B00%3A00&limit=1000 "HTTP/1.1 200 OK"
2026-07-22 07:50:51,857 | INFO | httpx | HTTP Request: GET https://api.openaq.org/v3/sensors/12235662/measurements/hourly?datetime_from=2026-07-15T02%3A20%3A40.668283%2B00%3A00&datetime_to=2026-07-22T02%3A20%3A40.668283%2B00%3A00&limit=1000 "HTTP/1.1 200 OK"
2026-07-22 07:50:51,877 | INFO | httpx | HTTP Request: GET https://api.openaq.org/v3/sensors/12235660/measurements/hourly?datetime_from=2026-07-15T02%3A20%3A40.668283%2B00%3A00&datetime_to=2026-07-22T02%3A20%3A40.668283%2B00%3A00&limit=1000 "HTTP/1.1 200 OK"
2026-07-22 07:50:51,943 | INFO | httpx | HTTP Request: GET https://api.openaq.org/v3/sensors/12235659/measurements/hourly?datetime_from=2026-07-15T02%3A20%3A40.668283%2B00%3A00&datetime_to=2026-07-22T02%3A20%3A40.668283%2B00%3A00&limit=1000 "HTTP/1.1 200 OK"
2026-07-22 07:50:51,947 | INFO | httpx | HTTP Request: GET https://api.openaq.org/v3/sensors/12235657/measurements/hourly?datetime_from=2026-07-15T02%3A20%3A40.668283%2B00%3A00&datetime_to=2026-07-22T02%3A20%3A40.668283%2B00%3A00&limit=1000 "HTTP/1.1 200 OK"
2026-07-22 07:50:51,977 | INFO | httpx | HTTP Request: GET https://api.openaq.org/v3/sensors/12235661/measurements/hourly?datetime_from=2026-07-15T02%3A20%3A40.668283%2B00%3A00&datetime_to=2026-07-22T02%3A20%3A40.668283%2B00%3A00&limit=1000 "HTTP/1.1 200 OK"
2026-07-22 07:50:51,985 | INFO | httpx | HTTP Request: GET https://api.openaq.org/v3/sensors/12235664/measurements/hourly?datetime_from=2026-07-15T02%3A20%3A40.668283%2B00%3A00&datetime_to=2026-07-22T02%3A20%3A40.668283%2B00%3A00&limit=1000 "HTTP/1.1 200 OK"
2026-07-22 07:51:58,190 | INFO | httpx | HTTP Request: GET https://air-quality-api.open-meteo.com/v1/air-quality?latitude=30.9028&longitude=75.8086&current=pm2_5%2Cpm10%2Cnitrogen_dioxide%2Ccarbon_monoxide%2Cozone%2Cdust&hourly=pm2_5%2Cpm10%2Cnitrogen_dioxide%2Ccarbon_monoxide%2Cozone%2Cdust&forecast_hours=120&past_days=7&timezone=UTC "HTTP/1.1 200 OK"
2026-07-22 07:51:58,299 | INFO | httpx | HTTP Request: GET https://api.open-meteo.com/v1/forecast?latitude=30.9028&longitude=75.8086&current=temperature_2m%2Crelative_humidity_2m%2Csurface_pressure%2Cwind_speed_10m%2Cwind_direction_10m%2Cweather_code&hourly=temperature_2m%2Crelative_humidity_2m%2Csurface_pressure%2Cprecipitation%2Ccloud_cover%2Cvisibility%2Cwind_speed_10m%2Cwind_direction_10m%2Cwind_gusts_10m%2Cboundary_layer_height%2Cweather_code&forecast_hours=120&past_days=7&timezone=UTC&wind_speed_unit=ms "HTTP/1.1 200 OK"
2026-07-22 07:51:58,320 | INFO | httpx | HTTP Request: GET https://api.openaq.org/v3/locations/5569/sensors "HTTP/1.1 200 OK"
2026-07-22 07:51:58,322 | INFO | httpx | HTTP Request: GET https://api.openaq.org/v3/locations/5569/latest "HTTP/1.1 200 OK"
2026-07-22 07:52:08,973 | INFO | httpx | HTTP Request: GET https://firms.modaps.eosdis.nasa.gov/api/area/csv/50c9af0a60ed36988747b7181c16018e/VIIRS_SNPP_NRT/72.8086,27.9028,78.8086,33.9028/1 "HTTP/1.1 200 OK"
2026-07-22 07:52:10,060 | INFO | httpx | HTTP Request: GET https://api.openaq.org/v3/sensors/14831/measurements/hourly?datetime_from=2026-07-15T02%3A21%3A58.519952%2B00%3A00&datetime_to=2026-07-22T02%3A21%3A58.519952%2B00%3A00&limit=1000 "HTTP/1.1 200 OK"
2026-07-22 07:52:10,071 | INFO | httpx | HTTP Request: GET https://api.openaq.org/v3/sensors/14824/measurements/hourly?datetime_from=2026-07-15T02%3A21%3A58.519952%2B00%3A00&datetime_to=2026-07-22T02%3A21%3A58.519952%2B00%3A00&limit=1000 "HTTP/1.1 200 OK"
2026-07-22 07:52:10,073 | INFO | httpx | HTTP Request: GET https://api.openaq.org/v3/sensors/14827/measurements/hourly?datetime_from=2026-07-15T02%3A21%3A58.519952%2B00%3A00&datetime_to=2026-07-22T02%3A21%3A58.519952%2B00%3A00&limit=1000 "HTTP/1.1 200 OK"
2026-07-22 07:52:10,076 | INFO | httpx | HTTP Request: GET https://api.openaq.org/v3/sensors/14832/measurements/hourly?datetime_from=2026-07-15T02%3A21%3A58.519952%2B00%3A00&datetime_to=2026-07-22T02%3A21%3A58.519952%2B00%3A00&limit=1000 "HTTP/1.1 200 OK"
2026-07-22 07:52:10,078 | INFO | httpx | HTTP Request: GET https://api.openaq.org/v3/sensors/14715/measurements/hourly?datetime_from=2026-07-15T02%3A21%3A58.519952%2B00%3A00&datetime_to=2026-07-22T02%3A21%3A58.519952%2B00%3A00&limit=1000 "HTTP/1.1 200 OK"
2026-07-22 07:52:10,080 | INFO | httpx | HTTP Request: GET https://api.openaq.org/v3/sensors/14826/measurements/hourly?datetime_from=2026-07-15T02%3A21%3A58.519952%2B00%3A00&datetime_to=2026-07-22T02%3A21%3A58.519952%2B00%3A00&limit=1000 "HTTP/1.1 200 OK"
2026-07-22 07:52:10,140 | INFO | httpx | HTTP Request: GET https://api.openaq.org/v3/sensors/12235421/measurements/hourly?datetime_from=2026-07-15T02%3A21%3A58.519952%2B00%3A00&datetime_to=2026-07-22T02%3A21%3A58.519952%2B00%3A00&limit=1000 "HTTP/1.1 200 OK"
2026-07-22 07:52:10,142 | INFO | httpx | HTTP Request: GET https://api.openaq.org/v3/sensors/12235424/measurements/hourly?datetime_from=2026-07-15T02%3A21%3A58.519952%2B00%3A00&datetime_to=2026-07-22T02%3A21%3A58.519952%2B00%3A00&limit=1000 "HTTP/1.1 200 OK"
2026-07-22 07:52:10,155 | INFO | httpx | HTTP Request: GET https://api.openaq.org/v3/sensors/12235428/measurements/hourly?datetime_from=2026-07-15T02%3A21%3A58.519952%2B00%3A00&datetime_to=2026-07-22T02%3A21%3A58.519952%2B00%3A00&limit=1000 "HTTP/1.1 200 OK"
2026-07-22 07:52:10,156 | INFO | httpx | HTTP Request: GET https://api.openaq.org/v3/sensors/12235426/measurements/hourly?datetime_from=2026-07-15T02%3A21%3A58.519952%2B00%3A00&datetime_to=2026-07-22T02%3A21%3A58.519952%2B00%3A00&limit=1000 "HTTP/1.1 200 OK"
2026-07-22 07:52:10,158 | INFO | httpx | HTTP Request: GET https://api.openaq.org/v3/sensors/12235423/measurements/hourly?datetime_from=2026-07-15T02%3A21%3A58.519952%2B00%3A00&datetime_to=2026-07-22T02%3A21%3A58.519952%2B00%3A00&limit=1000 "HTTP/1.1 200 OK"
2026-07-22 07:52:10,768 | INFO | httpx | HTTP Request: GET https://api.openaq.org/v3/sensors/12235425/measurements/hourly?datetime_from=2026-07-15T02%3A21%3A58.519952%2B00%3A00&datetime_to=2026-07-22T02%3A21%3A58.519952%2B00%3A00&limit=1000 "HTTP/1.1 200 OK"
2026-07-22 07:57:14,593 | INFO | httpx | HTTP Request: GET https://api.openaq.org/v3/locations/235/latest "HTTP/1.1 200 OK"
2026-07-22 07:57:14,597 | INFO | httpx | HTTP Request: GET https://api.openaq.org/v3/locations/235/latest "HTTP/1.1 200 OK"
2026-07-22 07:57:14,599 | INFO | httpx | HTTP Request: GET https://api.openaq.org/v3/locations/235/sensors "HTTP/1.1 200 OK"
2026-07-22 07:57:14,604 | INFO | httpx | HTTP Request: GET https://api.openaq.org/v3/locations/235/sensors "HTTP/1.1 200 OK"
2026-07-22 07:57:32,846 | INFO | httpx | HTTP Request: GET https://api.openaq.org/v3/sensors/12235608/measurements/hourly?datetime_from=2026-07-15T02%3A27%3A22.155704%2B00%3A00&datetime_to=2026-07-22T02%3A27%3A22.155704%2B00%3A00&limit=1000 "HTTP/1.1 200 OK"
2026-07-22 07:57:32,857 | INFO | httpx | HTTP Request: GET https://api.openaq.org/v3/sensors/382/measurements/hourly?datetime_from=2026-07-15T02%3A27%3A22.155704%2B00%3A00&datetime_to=2026-07-22T02%3A27%3A22.155704%2B00%3A00&limit=1000 "HTTP/1.1 200 OK"
2026-07-22 07:57:32,860 | INFO | httpx | HTTP Request: GET https://api.openaq.org/v3/sensors/381/measurements/hourly?datetime_from=2026-07-15T02%3A27%3A22.155704%2B00%3A00&datetime_to=2026-07-22T02%3A27%3A22.155704%2B00%3A00&limit=1000 "HTTP/1.1 200 OK"
2026-07-22 07:57:32,862 | INFO | httpx | HTTP Request: GET https://api.openaq.org/v3/sensors/384/measurements/hourly?datetime_from=2026-07-15T02%3A27%3A22.155704%2B00%3A00&datetime_to=2026-07-22T02%3A27%3A22.155704%2B00%3A00&limit=1000 "HTTP/1.1 200 OK"
2026-07-22 07:57:32,866 | INFO | httpx | HTTP Request: GET https://api.openaq.org/v3/sensors/385/measurements/hourly?datetime_from=2026-07-15T02%3A27%3A22.155704%2B00%3A00&datetime_to=2026-07-22T02%3A27%3A22.155704%2B00%3A00&limit=1000 "HTTP/1.1 200 OK"
2026-07-22 07:57:32,874 | INFO | httpx | HTTP Request: GET https://api.openaq.org/v3/sensors/383/measurements/hourly?datetime_from=2026-07-15T02%3A27%3A22.155704%2B00%3A00&datetime_to=2026-07-22T02%3A27%3A22.155704%2B00%3A00&limit=1000 "HTTP/1.1 200 OK"
2026-07-22 07:57:32,923 | INFO | httpx | HTTP Request: GET https://api.openaq.org/v3/sensors/12235609/measurements/hourly?datetime_from=2026-07-15T02%3A27%3A22.155704%2B00%3A00&datetime_to=2026-07-22T02%3A27%3A22.155704%2B00%3A00&limit=1000 "HTTP/1.1 200 OK"
2026-07-22 07:57:32,944 | INFO | httpx | HTTP Request: GET https://api.openaq.org/v3/sensors/12235605/measurements/hourly?datetime_from=2026-07-15T02%3A27%3A22.155704%2B00%3A00&datetime_to=2026-07-22T02%3A27%3A22.155704%2B00%3A00&limit=1000 "HTTP/1.1 200 OK"
2026-07-22 07:57:32,946 | INFO | httpx | HTTP Request: GET https://api.openaq.org/v3/sensors/380/measurements/hourly?datetime_from=2026-07-15T02%3A27%3A22.155704%2B00%3A00&datetime_to=2026-07-22T02%3A27%3A22.155704%2B00%3A00&limit=1000 "HTTP/1.1 200 OK"
2026-07-22 07:57:32,949 | INFO | httpx | HTTP Request: GET https://api.openaq.org/v3/sensors/12235607/measurements/hourly?datetime_from=2026-07-15T02%3A27%3A22.155704%2B00%3A00&datetime_to=2026-07-22T02%3A27%3A22.155704%2B00%3A00&limit=1000 "HTTP/1.1 200 OK"
2026-07-22 07:57:32,960 | INFO | httpx | HTTP Request: GET https://api.openaq.org/v3/sensors/12235610/measurements/hourly?datetime_from=2026-07-15T02%3A27%3A22.155704%2B00%3A00&datetime_to=2026-07-22T02%3A27%3A22.155704%2B00%3A00&limit=1000 "HTTP/1.1 200 OK"
2026-07-22 07:57:32,997 | INFO | httpx | HTTP Request: GET https://api.openaq.org/v3/sensors/12235612/measurements/hourly?datetime_from=2026-07-15T02%3A27%3A22.155704%2B00%3A00&datetime_to=2026-07-22T02%3A27%3A22.155704%2B00%3A00&limit=1000 "HTTP/1.1 200 OK"
2026-07-22 07:57:33,119 | INFO | httpx | HTTP Request: GET https://api.openaq.org/v3/sensors/384/measurements/hourly?datetime_from=2026-07-15T02%3A27%3A14.610146%2B00%3A00&datetime_to=2026-07-22T02%3A27%3A14.610146%2B00%3A00&limit=1000 "HTTP/1.1 200 OK"
2026-07-22 07:57:33,133 | INFO | httpx | HTTP Request: GET https://api.openaq.org/v3/sensors/385/measurements/hourly?datetime_from=2026-07-15T02%3A27%3A14.610146%2B00%3A00&datetime_to=2026-07-22T02%3A27%3A14.610146%2B00%3A00&limit=1000 "HTTP/1.1 200 OK"
2026-07-22 07:57:33,151 | INFO | httpx | HTTP Request: GET https://api.openaq.org/v3/sensors/382/measurements/hourly?datetime_from=2026-07-15T02%3A27%3A14.610146%2B00%3A00&datetime_to=2026-07-22T02%3A27%3A14.610146%2B00%3A00&limit=1000 "HTTP/1.1 200 OK"
2026-07-22 07:57:33,162 | INFO | httpx | HTTP Request: GET https://api.openaq.org/v3/sensors/381/measurements/hourly?datetime_from=2026-07-15T02%3A27%3A14.610146%2B00%3A00&datetime_to=2026-07-22T02%3A27%3A14.610146%2B00%3A00&limit=1000 "HTTP/1.1 200 OK"
2026-07-22 07:57:33,176 | INFO | httpx | HTTP Request: GET https://api.openaq.org/v3/sensors/383/measurements/hourly?datetime_from=2026-07-15T02%3A27%3A14.610146%2B00%3A00&datetime_to=2026-07-22T02%3A27%3A14.610146%2B00%3A00&limit=1000 "HTTP/1.1 200 OK"
2026-07-22 07:57:33,241 | INFO | httpx | HTTP Request: GET https://api.openaq.org/v3/sensors/12235610/measurements/hourly?datetime_from=2026-07-15T02%3A27%3A14.610146%2B00%3A00&datetime_to=2026-07-22T02%3A27%3A14.610146%2B00%3A00&limit=1000 "HTTP/1.1 200 OK"
2026-07-22 07:57:33,277 | INFO | httpx | HTTP Request: GET https://api.openaq.org/v3/sensors/12235605/measurements/hourly?datetime_from=2026-07-15T02%3A27%3A14.610146%2B00%3A00&datetime_to=2026-07-22T02%3A27%3A14.610146%2B00%3A00&limit=1000 "HTTP/1.1 200 OK"
2026-07-22 07:57:33,278 | INFO | httpx | HTTP Request: GET https://api.openaq.org/v3/sensors/380/measurements/hourly?datetime_from=2026-07-15T02%3A27%3A14.610146%2B00%3A00&datetime_to=2026-07-22T02%3A27%3A14.610146%2B00%3A00&limit=1000 "HTTP/1.1 200 OK"
2026-07-22 07:57:33,280 | INFO | httpx | HTTP Request: GET https://api.openaq.org/v3/sensors/12235608/measurements/hourly?datetime_from=2026-07-15T02%3A27%3A14.610146%2B00%3A00&datetime_to=2026-07-22T02%3A27%3A14.610146%2B00%3A00&limit=1000 "HTTP/1.1 200 OK"
2026-07-22 07:57:33,348 | INFO | httpx | HTTP Request: GET https://api.openaq.org/v3/sensors/12235607/measurements/hourly?datetime_from=2026-07-15T02%3A27%3A14.610146%2B00%3A00&datetime_to=2026-07-22T02%3A27%3A14.610146%2B00%3A00&limit=1000 "HTTP/1.1 200 OK"
2026-07-22 07:57:33,372 | INFO | httpx | HTTP Request: GET https://api.openaq.org/v3/sensors/12235609/measurements/hourly?datetime_from=2026-07-15T02%3A27%3A14.610146%2B00%3A00&datetime_to=2026-07-22T02%3A27%3A14.610146%2B00%3A00&limit=1000 "HTTP/1.1 200 OK"
2026-07-22 07:57:33,434 | INFO | httpx | HTTP Request: GET https://api.openaq.org/v3/sensors/12235612/measurements/hourly?datetime_from=2026-07-15T02%3A27%3A14.610146%2B00%3A00&datetime_to=2026-07-22T02%3A27%3A14.610146%2B00%3A00&limit=1000 "HTTP/1.1 200 OK"
